I'm sorry, but errors were detected in your script. Please correct the
errors listed below, and try again.


File "game/newgame.rpy", line 12: Indentation mismatch.

Ren'Py Version: Ren'Py 8.3.3.24111502
Wed Jan  8 10:03:33 2025
